Space: n=738  基础池=3  零覆盖=0.9837
对齐：阳 369 / 阴 369

=== 臂 a（预算 8 池，最大宽 22）===
  池总数 36，开 8；核验 176 单元（23.85%）
  D-B8-1 补后零覆盖 = 0.0000
  D-B6-1 k=88 recall=0.2385 ｜ D-B6-3 阳性覆盖=1.0000
  AUC=0.4986  平衡准确率=0.5000
  D-B6-5 grep k=31（流水线 88）

=== 臂 b（预算 8 池，最大宽 46）===
  池总数 19，开 8；核验 368 单元（49.86%）
  D-B8-1 补后零覆盖 = 0.0000
  D-B6-1 k=184 recall=0.4986 ｜ D-B6-3 阳性覆盖=1.0000
  AUC=0.4986  平衡准确率=0.5000
  D-B6-5 grep k=31（流水线 184）

=== 臂 c（预算 36 池，最大宽 22）===
  池总数 36，开 36；核验 738 单元（100.00%）
  D-B8-1 补后零覆盖 = 0.0000
  D-B6-1 k=369 recall=1.0000 ｜ D-B6-3 阳性覆盖=1.0000
  AUC=0.5036  平衡准确率=0.5000
  D-B6-5 grep k=31（流水线 369）

→ D:\WorkBuddy专用！危险！！！！！！！！\2026-10-09-02-32-12\topos-audit\EXP\b8_e1\b8_e1_l3.json
